
> Configure project :
Fabric Loom: 1.14.10

> Task :compileJava
C:\Users\yelag\Downloads\Lumen-1.21.11\src\main\java\dlc\lumen\api\utils\render\fonts\LumenText.java:176: error: cannot find symbol
            st = st.withUnderlined(true);
                   ^
  symbol:   method withUnderlined(boolean)
  location: variable st of type Style
Note: Some input files use unchecked or unsafe operations.
Note: Recompile with -Xlint:unchecked for details.
1 error

> Task :compileJava FAILED

[Incubating] Problems report is available at: file:///C:/Users/yelag/Downloads/Lumen-1.21.11/build/reports/problems/problems-report.html

FAILURE: Build failed with an exception.

* What went wrong:
Execution failed for task ':compileJava' (registered by plugin class 'org.gradle.api.plugins.JavaBasePlugin').
> Compilation failed; see the compiler output below.
  Note: Recompile with -Xlint:unchecked for details.
  Note: Some input files use unchecked or unsafe operations.
  C:\Users\yelag\Downloads\Lumen-1.21.11\src\main\java\dlc\lumen\api\utils\render\fonts\LumenText.java:176: error: cannot find symbol
              st = st.withUnderlined(true);
                     ^
    symbol:   method withUnderlined(boolean)
    location: variable st of type Style
  1 error

* Try:
> Check your code and dependencies to fix the compilation error(s)
> Run with --scan to get full insights from a Build Scan (powered by Develocity).

Deprecated Gradle features were used in this build, making it incompatible with Gradle 10.

You can use '--warning-mode all' to show the individual deprecation warnings and determine if they come from your own scripts or plugins.

For more on this, please refer to https://docs.gradle.org/9.7.1/userguide/command_line_interface.html#sec:command_line_warnings in the Gradle documentation.

BUILD FAILED in 12s
1 actionable task: 1 executed
