
> Configure project :
Fabric Loom: 1.14.10

> Task :compileJava UP-TO-DATE
> Task :processResources
> Task :classes
> Task :generateLog4jConfig UP-TO-DATE
> Task :generateRemapClasspath UP-TO-DATE
> Task :generateDLIConfig
> Task :configureLaunch
> Task :downloadAssets UP-TO-DATE
> Task :configureClientLaunch

> Task :runClient
[34m[21:32:02][m [32m[main/INFO][m [36m(FabricLoader/GameProvider)[m [0mLoading Minecraft 1.21.11 with Fabric Loader 0.18.6
[m[34m[21:32:03][m [32m[main/INFO][m [36m(FabricLoader)[m [0mLoading 51 mods:
	- fabric-api 0.141.3+1.21.11
	- fabric-api-base 1.0.5+4ebb5c083e
	- fabric-api-lookup-api-v1 1.6.114+20dc27073e
	- fabric-biome-api-v1 17.1.1+4fc5413f3e
	- fabric-block-api-v1 1.1.10+4ebb5c083e
	- fabric-block-view-api-v2 1.0.39+4ebb5c083e
	- fabric-client-gametest-api-v1 4.3.5+bfe9fcf43e
	- fabric-command-api-v2 2.4.7+6b42a6003e
	- fabric-content-registries-v0 10.2.14+4fc5413f3e
	- fabric-convention-tags-v1 2.1.55+7f945d5b3e
	- fabric-convention-tags-v2 2.17.3+8ef948ba3e
	- fabric-crash-report-info-v1 0.3.23+4ebb5c083e
	- fabric-data-attachment-api-v1 1.8.47+eed0806f3e
	- fabric-data-generation-api-v1 23.4.0+69974c4e3e
	- fabric-dimensions-v1 4.0.28+4fc5413f3e
	- fabric-entity-events-v1 3.1.1+1d0ab4303e
	- fabric-events-interaction-v0 4.1.0+3b89ecf63e
	- fabric-game-rule-api-v1 2.0.3+4fc5413f3e
	- fabric-gametest-api-v1 3.1.27+4fc5413f3e
	- fabric-item-api-v1 11.5.20+d0c46b9e3e
	- fabric-item-group-api-v1 4.2.36+4fc5413f3e
	- fabric-key-binding-api-v1 1.1.7+4fc5413f3e
	- fabric-lifecycle-events-v1 2.6.15+4ebb5c083e
	- fabric-loot-api-v2 3.0.73+3f89f5a53e
	- fabric-loot-api-v3 2.0.20+78c8b4663e
	- fabric-message-api-v1 6.1.12+4ebb5c083e
	- fabric-model-loading-api-v1 6.0.15+4fc5413f3e
	- fabric-networking-api-v1 5.1.5+ae1e07683e
	- fabric-object-builder-api-v1 21.1.39+4fc5413f3e
	- fabric-particles-v1 4.2.11+4fc5413f3e
	- fabric-recipe-api-v1 8.2.3+4ebb5c083e
	- fabric-registry-sync-v0 6.2.5+1718722b3e
	- fabric-renderer-api-v1 8.0.3+f4ffd2e53e
	- fabric-renderer-indigo 5.0.3+f4ffd2e53e
	- fabric-rendering-fluids-v1 3.1.43+4ebb5c083e
	- fabric-rendering-v1 16.2.10+0290ad933e
	- fabric-resource-conditions-api-v1 5.0.35+4fc5413f3e
	- fabric-resource-loader-v0 3.3.4+4fc5413f3e
	- fabric-resource-loader-v1 1.0.10+78c8b4663e
	- fabric-screen-api-v1 3.1.7+4ebb5c083e
	- fabric-screen-handler-api-v1 1.3.161+4fc5413f3e
	- fabric-serialization-api-v1 1.0.5+4ebb5c083e
	- fabric-sound-api-v1 1.0.51+4fc5413f3e
	- fabric-tag-api-v1 1.2.20+4fc5413f3e
	- fabric-transfer-api-v1 6.0.25+4fc5413f3e
	- fabric-transitive-access-wideners-v1 7.1.0+014c8cec3e
	- fabricloader 0.18.6
	- java 21
	- lumen 1.0.0
	- minecraft 1.21.11
	- mixinextras 0.5.3
[m[34m[21:32:03][m [32m[main/INFO][m [36m(FabricLoader/Mixin)[m [0mSpongePowered MIXIN Subsystem Version=0.8.7 Source=file:/C:/Users/yelag/.gradle/caches/modules-2/files-2.1/net.fabricmc/sponge-mixin/0.17.0+mixin.0.8.7/cf31463202f72d03b0ef1e1e38e8ee71b7faaab6/sponge-mixin-0.17.0+mixin.0.8.7.jar Service=Knot/Fabric Env=CLIENT
[m[34m[21:32:03][m [32m[main/INFO][m [36m(FabricLoader/Mixin)[m [0mLoaded Fabric development mappings for mixin remapper!
[m[34m[21:32:03][m [32m[main/INFO][m [36m(FabricLoader/Mixin)[m [0mCompatibility level set to JAVA_21
[m[34m[21:32:06][m [32m[main/INFO][m [36m(FabricLoader/MixinExtras|Service)[m [0mInitializing MixinExtras via com.llamalad7.mixinextras.service.MixinExtrasServiceImpl(version=0.5.3).
[m[34m[21:32:08][m [32m[Datafixer Bootstrap/INFO][m [36m(Minecraft)[m [0m287 Datafixer optimizations took 1193 milliseconds
[m[34m[21:32:18][m [32m[main/INFO][m [36m(Minecraft)[m [0mCompletely ignored arguments: [--quickPlaySingleplayer:testworld]
[m[34m[21:32:19][m [32m[Render thread/INFO][m [36m(Minecraft)[m [0mEnvironment: Environment[sessionHost=https://sessionserver.mojang.com, servicesHost=https://api.minecraftservices.com, profilesHost=https://api.mojang.com, name=PROD]
[m[34m[21:32:19][m [32m[Render thread/INFO][m [36m(Minecraft)[m [0mSetting user: Player661
[m[34m[21:32:20][m [32m[Render thread/INFO][m [36m(Indigo)[m [0m[Indigo] Registering Indigo renderer!
[m[34m[21:32:21][m [32m[Render thread/INFO][m [36m(Minecraft)[m [0mBackend library: LWJGL version 3.3.3-snapshot
[m[34m[21:32:22][m [32m[Render thread/INFO][m [36m(Minecraft)[m [0mUsing optional rendering extensions: GL_ARB_buffer_storage, GL_KHR_debug, GL_ARB_vertex_attrib_binding, GL_ARB_direct_state_access, GL_EXT_texture_filter_anisotropic
[m[34m[21:32:24][m [32m[Render thread/INFO][m [36m(Minecraft)[m [0mReloading ResourceManager: vanilla, fabric-api, fabric-api-base, fabric-api-lookup-api-v1, fabric-biome-api-v1, fabric-block-api-v1, fabric-block-view-api-v2, fabric-client-gametest-api-v1, fabric-command-api-v2, fabric-content-registries-v0, fabric-convention-tags-v1, fabric-convention-tags-v2, fabric-crash-report-info-v1, fabric-data-attachment-api-v1, fabric-data-generation-api-v1, fabric-dimensions-v1, fabric-entity-events-v1, fabric-events-interaction-v0, fabric-game-rule-api-v1, fabric-gametest-api-v1, fabric-item-api-v1, fabric-item-group-api-v1, fabric-key-binding-api-v1, fabric-lifecycle-events-v1, fabric-loot-api-v2, fabric-loot-api-v3, fabric-message-api-v1, fabric-model-loading-api-v1, fabric-networking-api-v1, fabric-object-builder-api-v1, fabric-particles-v1, fabric-recipe-api-v1, fabric-registry-sync-v0, fabric-renderer-api-v1, fabric-renderer-indigo, fabric-rendering-fluids-v1, fabric-rendering-v1, fabric-resource-conditions-api-v1, fabric-resource-loader-v0, fabric-resource-loader-v1, fabric-screen-api-v1, fabric-screen-handler-api-v1, fabric-serialization-api-v1, fabric-sound-api-v1, fabric-tag-api-v1, fabric-transfer-api-v1, fabric-transitive-access-wideners-v1, fabricloader, lumen
[m[34m[21:32:24][m [31m[Worker-Main-2/ERROR][m [36m(ModNioPackResources)[m [31mInvalid path in mod resource-pack lumen: lumen:sounds/Второй.wav, ignoring
[m[34m[21:32:24][m [31m[Worker-Main-2/ERROR][m [36m(ModNioPackResources)[m [31mInvalid path in mod resource-pack lumen: lumen:sounds/Первый.wav, ignoring
[m[34m[21:32:24][m [31m[Worker-Main-2/ERROR][m [36m(ModNioPackResources)[m [31mInvalid path in mod resource-pack lumen: lumen:sounds/Пятый.wav, ignoring
[m[34m[21:32:24][m [31m[Worker-Main-2/ERROR][m [36m(ModNioPackResources)[m [31mInvalid path in mod resource-pack lumen: lumen:sounds/Третий.wav, ignoring
[m[34m[21:32:24][m [31m[Worker-Main-2/ERROR][m [36m(ModNioPackResources)[m [31mInvalid path in mod resource-pack lumen: lumen:sounds/Четвертый.wav, ignoring
[m[34m[21:32:24][m [31m[Worker-Main-2/ERROR][m [36m(ModNioPackResources)[m [31mInvalid path in mod resource-pack lumen: lumen:sounds/Шестой.wav, ignoring
[m[34m[21:32:24][m [32m[Download-1/INFO][m [36m(Minecraft)[m [0mCould not authorize you against Realms server: java.lang.RuntimeException: Failed to parse into SignedJWT: FabricMC
[m[34m[21:32:24][m [33m[Worker-Main-1/WARN][m [36m(Minecraft)[m [0mFailed to load builder (lumen:iconnew: builder #0 from pack lumen), rejecting
[m
java.io.FileNotFoundException: lumen:font/fonts/ttf/iconnew.ttf
	at knot//net.minecraft.resource.ResourceFactory.method_43043(ResourceFactory.java:23)
	at java.base/java.util.Optional.orElseThrow(Optional.java:403)
	at knot//net.minecraft.resource.ResourceFactory.getResourceOrThrow(ResourceFactory.java:23)
	at knot//net.minecraft.resource.ResourceFactory.open(ResourceFactory.java:27)
	at knot//net.minecraft.client.font.TrueTypeFontLoader.load(TrueTypeFontLoader.java:68)
	at knot//net.minecraft.client.font.FontManager.method_51616(FontManager.java:221)
	at java.base/java.util.concurrent.CompletableFuture$AsyncSupply.run(CompletableFuture.java:1768)
	at knot//net.minecraft.resource.SimpleResourceReload.method_67576(SimpleResourceReload.java:51)
	at java.base/java.util.concurrent.ForkJoinTask$RunnableExecuteAction.exec(ForkJoinTask.java:1423)
	at java.base/java.util.concurrent.ForkJoinTask.doExec(ForkJoinTask.java:387)
	at java.base/java.util.concurrent.ForkJoinPool$WorkQueue.topLevelExec(ForkJoinPool.java:1312)
	at java.base/java.util.concurrent.ForkJoinPool.scan(ForkJoinPool.java:1843)
	at java.base/java.util.concurrent.ForkJoinPool.runWorker(ForkJoinPool.java:1808)
	at java.base/java.util.concurrent.ForkJoinWorkerThread.run(ForkJoinWorkerThread.java:188)
[34m[21:32:24][m [33m[Worker-Main-6/WARN][m [36m(Minecraft)[m [0mFailed to load builder (lumen:icon1: builder #0 from pack lumen), rejecting
[m
java.io.FileNotFoundException: lumen:font/fonts/ttf/icon1.ttf
	at knot//net.minecraft.resource.ResourceFactory.method_43043(ResourceFactory.java:23)
	at java.base/java.util.Optional.orElseThrow(Optional.java:403)
	at knot//net.minecraft.resource.ResourceFactory.getResourceOrThrow(ResourceFactory.java:23)
	at knot//net.minecraft.resource.ResourceFactory.open(ResourceFactory.java:27)
	at knot//net.minecraft.client.font.TrueTypeFontLoader.load(TrueTypeFontLoader.java:68)
	at knot//net.minecraft.client.font.FontManager.method_51616(FontManager.java:221)
	at java.base/java.util.concurrent.CompletableFuture$AsyncSupply.run(CompletableFuture.java:1768)
	at knot//net.minecraft.resource.SimpleResourceReload.method_67576(SimpleResourceReload.java:51)
	at java.base/java.util.concurrent.ForkJoinTask$RunnableExecuteAction.exec(ForkJoinTask.java:1423)
	at java.base/java.util.concurrent.ForkJoinTask.doExec(ForkJoinTask.java:387)
	at java.base/java.util.concurrent.ForkJoinPool$WorkQueue.topLevelExec(ForkJoinPool.java:1312)
	at java.base/java.util.concurrent.ForkJoinPool.scan(ForkJoinPool.java:1843)
	at java.base/java.util.concurrent.ForkJoinPool.runWorker(ForkJoinPool.java:1808)
	at java.base/java.util.concurrent.ForkJoinWorkerThread.run(ForkJoinWorkerThread.java:188)
[34m[21:32:24][m [32m[Worker-Main-1/INFO][m [36m(Minecraft)[m [0mFound unifont_pua-17.0.01.hex, loading
[m[34m[21:32:24][m [32m[Worker-Main-2/INFO][m [36m(Minecraft)[m [0mFound unifont_all_no_pua-17.0.01.hex, loading
[m[34m[21:32:24][m [31m[Worker-Main-11/ERROR][m [36m(ModNioPackResources)[m [31mInvalid path in mod resource-pack lumen: lumen:models/Bandage_BaseColor.png, ignoring
[m[34m[21:32:24][m [31m[Worker-Main-11/ERROR][m [36m(ModNioPackResources)[m [31mInvalid path in mod resource-pack lumen: lumen:models/Body_BaseColor.png, ignoring
[m[34m[21:32:24][m [31m[Worker-Main-11/ERROR][m [36m(ModNioPackResources)[m [31mInvalid path in mod resource-pack lumen: lumen:models/eyes_BaseColor.png, ignoring
[m[34m[21:32:24][m [31m[Worker-Main-11/ERROR][m [36m(ModNioPackResources)[m [31mInvalid path in mod resource-pack lumen: lumen:models/Glove_BaseColor.png, ignoring
[m[34m[21:32:24][m [31m[Worker-Main-11/ERROR][m [36m(ModNioPackResources)[m [31mInvalid path in mod resource-pack lumen: lumen:models/Hair_BaseColor.png, ignoring
[m[34m[21:32:24][m [31m[Worker-Main-11/ERROR][m [36m(ModNioPackResources)[m [31mInvalid path in mod resource-pack lumen: lumen:models/Headset_BaseColor.png, ignoring
[m[34m[21:32:24][m [31m[Worker-Main-11/ERROR][m [36m(ModNioPackResources)[m [31mInvalid path in mod resource-pack lumen: lumen:models/Outfit_BaseColor.png, ignoring
[m[34m[21:32:24][m [31m[Worker-Main-11/ERROR][m [36m(ModNioPackResources)[m [31mInvalid path in mod resource-pack lumen: lumen:models/Shoes_BaseColor.png, ignoring
[m[34m[21:32:24][m [33m[Worker-Main-4/WARN][m [36m(Minecraft)[m [0mFailed to load builder (lumen:icon: builder #0 from pack lumen), rejecting
[m
java.io.FileNotFoundException: lumen:font/fonts/ttf/icon.ttf
	at knot//net.minecraft.resource.ResourceFactory.method_43043(ResourceFactory.java:23)
	at java.base/java.util.Optional.orElseThrow(Optional.java:403)
	at knot//net.minecraft.resource.ResourceFactory.getResourceOrThrow(ResourceFactory.java:23)
	at knot//net.minecraft.resource.ResourceFactory.open(ResourceFactory.java:27)
	at knot//net.minecraft.client.font.TrueTypeFontLoader.load(TrueTypeFontLoader.java:68)
	at knot//net.minecraft.client.font.FontManager.method_51616(FontManager.java:221)
	at java.base/java.util.concurrent.CompletableFuture$AsyncSupply.run(CompletableFuture.java:1768)
	at knot//net.minecraft.resource.SimpleResourceReload.method_67576(SimpleResourceReload.java:51)
	at java.base/java.util.concurrent.ForkJoinTask$RunnableExecuteAction.exec(ForkJoinTask.java:1423)
	at java.base/java.util.concurrent.ForkJoinTask.doExec(ForkJoinTask.java:387)
	at java.base/java.util.concurrent.ForkJoinPool$WorkQueue.topLevelExec(ForkJoinPool.java:1312)
	at java.base/java.util.concurrent.ForkJoinPool.scan(ForkJoinPool.java:1843)
	at java.base/java.util.concurrent.ForkJoinPool.runWorker(ForkJoinPool.java:1808)
	at java.base/java.util.concurrent.ForkJoinWorkerThread.run(ForkJoinWorkerThread.java:188)
[34m[21:32:24][m [32m[Worker-Main-9/INFO][m [36m(Minecraft)[m [0mFound unifont_jp_patch-17.0.01.hex, loading
[m[34m[21:32:26][m [32m[Render thread/INFO][m [36m(Minecraft)[m [0mOpenAL initialized on device OpenAL Soft on Динамики (MCHOSE V9 PRO)
[m[34m[21:32:26][m [32m[Render thread/INFO][m [36m(Minecraft)[m [0mSound engine started
[m[34m[21:32:26][m [32m[Render thread/INFO][m [36m(Minecraft)[m [0mCreated: 2048x2048x0 minecraft:textures/atlas/particles.png-atlas
[m[34m[21:32:27][m [32m[Render thread/INFO][m [36m(Minecraft)[m [0mCreated: 128x128x0 minecraft:textures/atlas/decorated_pot.png-atlas
[m[34m[21:32:27][m [32m[Render thread/INFO][m [36m(Minecraft)[m [0mCreated: 2048x1024x0 minecraft:textures/atlas/armor_trims.png-atlas
[m[34m[21:32:27][m [32m[Render thread/INFO][m [36m(Minecraft)[m [0mCreated: 512x256x0 minecraft:textures/atlas/paintings.png-atlas
[m[34m[21:32:27][m [32m[Render thread/INFO][m [36m(Minecraft)[m [0mCreated: 1024x512x0 minecraft:textures/atlas/shield_patterns.png-atlas
[m[34m[21:32:27][m [32m[Render thread/INFO][m [36m(Minecraft)[m [0mCreated: 2048x2048x4 minecraft:textures/atlas/blocks.png-atlas
[m[34m[21:32:27][m [32m[Render thread/INFO][m [36m(Minecraft)[m [0mCreated: 512x512x0 minecraft:textures/atlas/chest.png-atlas
[m[34m[21:32:27][m [32m[Render thread/INFO][m [36m(Minecraft)[m [0mCreated: 256x128x0 minecraft:textures/atlas/celestials.png-atlas
[m[34m[21:32:27][m [32m[Render thread/INFO][m [36m(Minecraft)[m [0mCreated: 1024x512x0 minecraft:textures/atlas/banner_patterns.png-atlas
[m[34m[21:32:27][m [32m[Render thread/INFO][m [36m(Minecraft)[m [0mCreated: 512x512x0 minecraft:textures/atlas/beds.png-atlas
[m[34m[21:32:27][m [32m[Render thread/INFO][m [36m(Minecraft)[m [0mCreated: 1024x512x0 minecraft:textures/atlas/items.png-atlas
[m[34m[21:32:27][m [32m[Render thread/INFO][m [36m(Minecraft)[m [0mCreated: 1024x1024x0 minecraft:textures/atlas/gui.png-atlas
[m[34m[21:32:27][m [32m[Render thread/INFO][m [36m(Minecraft)[m [0mCreated: 128x64x0 minecraft:textures/atlas/map_decorations.png-atlas
[m[34m[21:32:27][m [32m[Render thread/INFO][m [36m(Minecraft)[m [0mCreated: 512x256x0 minecraft:textures/atlas/signs.png-atlas
[m[34m[21:32:27][m [32m[Render thread/INFO][m [36m(Minecraft)[m [0mCreated: 512x512x0 minecraft:textures/atlas/shulker_boxes.png-atlas
[m[34m[21:32:38][m [32m[Render thread/INFO][m [36m(Minecraft)[m [0mLoaded 1470 recipes
[m[34m[21:32:38][m [32m[Render thread/INFO][m [36m(Minecraft)[m [0mLoaded 1584 advancements
[m[34m[21:32:38][m [32m[Render thread/INFO][m [36m(BiomeModificationImpl)[m [0mApplied 0 biome modifications to 0 of 65 new biomes in 2.234 ms
[m[34m[21:32:38][m [32m[Server thread/INFO][m [36m(Minecraft)[m [0mStarting integrated minecraft server version 1.21.11
[m[34m[21:32:38][m [32m[Server thread/INFO][m [36m(Minecraft)[m [0mGenerating keypair
[m[34m[21:32:39][m [32m[Server thread/INFO][m [36m(Minecraft)[m [0mLoading 0 persistent chunks...
[m[34m[21:32:40][m [32m[Server thread/INFO][m [36m(Minecraft)[m [0mLoading 49 chunks for player spawn...
[m[34m[21:32:40][m [32m[Server thread/INFO][m [36m(Minecraft)[m [0mПодготовка области возрождения: 16%
[m[34m[21:32:40][m [32m[Server thread/INFO][m [36m(Minecraft)[m [0mПодготовка области возрождения: 16%
[m[34m[21:32:40][m [32m[Server thread/INFO][m [36m(Minecraft)[m [0mПодготовка области возрождения: 16%
[m[34m[21:32:40][m [32m[Server thread/INFO][m [36m(Minecraft)[m [0mПодготовка области возрождения: 67%
[m[34m[21:32:40][m [32m[Server thread/INFO][m [36m(Minecraft)[m [0mTime elapsed: 1653 ms
[m[34m[21:32:40][m [32m[Server thread/INFO][m [36m(Minecraft)[m [0mPlayer661[local:E:c7f950e9] logged in with entity id 95 at (-570.4431658580386, 73.79441909502592, 357.05767666086297)
[m[34m[21:32:41][m [32m[Server thread/INFO][m [36m(Minecraft)[m [0mPlayer661 присоединился к игре
[m[34m[21:32:41][m [32m[Render thread/INFO][m [36m(Minecraft)[m [0mLoaded 3 advancements
[m[34m[21:32:41][m [32m[Server thread/INFO][m [36m(Minecraft)[m [0mChanging view distance to 16, from 10
[m[34m[21:32:41][m [32m[Server thread/INFO][m [36m(Minecraft)[m [0mChanging simulation distance to 12, from 0
[m[34m[21:32:41][m [32m[Render thread/INFO][m [36m(Minecraft)[m [0mResizing Dynamic Transforms UBO, capacity limit of 2 reached during a single frame. New capacity will be 4.
[m[34m[21:32:41][m [32m[Render thread/INFO][m [36m(Minecraft)[m [0mResizing Dynamic Transforms UBO, capacity limit of 4 reached during a single frame. New capacity will be 8.
[m[34m[21:32:41][m [32m[Render thread/INFO][m [36m(Minecraft)[m [0mResizing Dynamic Transforms UBO, capacity limit of 8 reached during a single frame. New capacity will be 16.
[m[34m[21:32:41][m [32m[Render thread/INFO][m [36m(Minecraft)[m [0mResizing Chunk Sections UBO, capacity limit of 2 reached during a single frame. New capacity will be 4.
[m[34m[21:32:41][m [32m[Render thread/INFO][m [36m(Minecraft)[m [0mResizing Chunk Sections UBO, capacity limit of 4 reached during a single frame. New capacity will be 8.
[m[34m[21:32:41][m [32m[Render thread/INFO][m [36m(Minecraft)[m [0mResizing Chunk Sections UBO, capacity limit of 8 reached during a single frame. New capacity will be 16.
[m[34m[21:32:41][m [32m[Render thread/INFO][m [36m(Minecraft)[m [0mResizing Chunk Sections UBO, capacity limit of 16 reached during a single frame. New capacity will be 32.
[m[34m[21:32:41][m [32m[Render thread/INFO][m [36m(Minecraft)[m [0mResizing Chunk Sections UBO, capacity limit of 32 reached during a single frame. New capacity will be 64.
[m[34m[21:32:42][m [32m[Render thread/INFO][m [36m(Minecraft)[m [0mResizing Chunk Sections UBO, capacity limit of 64 reached during a single frame. New capacity will be 128.
[m[34m[21:32:42][m [32m[Render thread/INFO][m [36m(Minecraft)[m [0mResizing Chunk Sections UBO, capacity limit of 128 reached during a single frame. New capacity will be 256.
[m[34m[21:32:43][m [32m[Render thread/INFO][m [36m(Minecraft)[m [0m[STDOUT]: [LumenPort] BufferRenderer.draw OK format=VertexFormat[Position, Color] mode=QUADS layer=RenderType[debug_quads:RenderSetup[layeringTransform=LayeringTransform[no_layering], textureTransform=TexturingStateShard[default_texturing], textures={}, outlineProperty=none, useLightmap=false, useOverlay=false]]
[m[34m[21:32:43][m [32m[Render thread/INFO][m [36m(Minecraft)[m [0mResizing Chunk Sections UBO, capacity limit of 256 reached during a single frame. New capacity will be 512.
[m[34m[21:32:44][m [32m[Render thread/INFO][m [36m(Minecraft)[m [0mResizing Chunk Sections UBO, capacity limit of 512 reached during a single frame. New capacity will be 1024.
[m[34m[21:32:45][m [32m[Render thread/INFO][m [36m(Minecraft)[m [0mStopping!
[m[34m[21:32:45][m [32m[Server thread/INFO][m [36m(Minecraft)[m [0mPlayer661 lost connection: Отключение
[m[34m[21:32:45][m [32m[Server thread/INFO][m [36m(Minecraft)[m [0mPlayer661 покинул игру
[m[34m[21:32:45][m [32m[Server thread/INFO][m [36m(Minecraft)[m [0mStopping singleplayer server as player logged out
[m[34m[21:32:45][m [32m[Server thread/INFO][m [36m(Minecraft)[m [0mStopping server
[m[34m[21:32:45][m [32m[Server thread/INFO][m [36m(Minecraft)[m [0mSaving players
[m[34m[21:32:45][m [32m[Server thread/INFO][m [36m(Minecraft)[m [0mSaving worlds
[m[34m[21:32:45][m [32m[Server thread/INFO][m [36m(Minecraft)[m [0mSaving chunks for level 'ServerLevel[Новый мир]'/minecraft:overworld
[m[34m[21:32:45][m [32m[Server thread/INFO][m [36m(Minecraft)[m [0mSaving chunks for level 'ServerLevel[Новый мир]'/minecraft:the_end
[m[34m[21:32:45][m [32m[Server thread/INFO][m [36m(Minecraft)[m [0mSaving chunks for level 'ServerLevel[Новый мир]'/minecraft:the_nether
[m[34m[21:32:45][m [32m[Server thread/INFO][m [36m(Minecraft)[m [0mThreadedAnvilChunkStorage (testworld): All chunks are saved
[m[34m[21:32:45][m [32m[Server thread/INFO][m [36m(Minecraft)[m [0mThreadedAnvilChunkStorage (DIM1): All chunks are saved
[m[34m[21:32:45][m [32m[Server thread/INFO][m [36m(Minecraft)[m [0mThreadedAnvilChunkStorage (DIM-1): All chunks are saved
[m[34m[21:32:45][m [32m[Server thread/INFO][m [36m(Minecraft)[m [0mThreadedAnvilChunkStorage: All dimensions are saved
[m
[Incubating] Problems report is available at: file:///C:/Users/yelag/Downloads/Lumen-1.21.11/build/reports/problems/problems-report.html

Deprecated Gradle features were used in this build, making it incompatible with Gradle 10.

You can use '--warning-mode all' to show the individual deprecation warnings and determine if they come from your own scripts or plugins.

For more on this, please refer to https://docs.gradle.org/9.7.1/userguide/command_line_interface.html#sec:command_line_warnings in the Gradle documentation.

BUILD SUCCESSFUL in 53s
7 actionable tasks: 3 executed, 4 up-to-date
Consider enabling configuration cache to speed up this build: https://docs.gradle.org/9.7.1/userguide/configuration_cache_enabling.html
